#
# There is insufficient memory for the Java Runtime Environment to continue.
# Native memory allocation (malloc) failed to allocate 1048576 bytes. Error detail: AllocateHeap
# Possible reasons:
#   The system is out of physical RAM or swap space
#   This process is running with CompressedOops enabled, and the Java Heap may be blocking the growth of the native heap
# Possible solutions:
#   Reduce memory load on the system
#   Increase physical memory or swap space
#   Check if swap backing store is full
#   Decrease Java heap size (-Xmx/-Xms)
#   Decrease number of Java threads
#   Decrease Java thread stack sizes (-Xss)
#   Set larger code cache with -XX:ReservedCodeCacheSize=
#   JVM is running with Unscaled Compressed Oops mode in which the Java heap is
#     placed in the first 4GB address space. The Java Heap base address is the
#     maximum limit for the native heap growth. Please use -XX:HeapBaseMinAddress
#     to set the Java Heap base and to place the Java Heap above 4GB virtual address.
# This output file may be truncated or incomplete.
#
#  Out of Memory Error (allocation.cpp:44), pid=1276, tid=14444
#
# JRE version: OpenJDK Runtime Environment Temurin-21.0.9+10 (21.0.9+10) (build 21.0.9+10-LTS)
# Java VM: OpenJDK 64-Bit Server VM Temurin-21.0.9+10 (21.0.9+10-LTS, mixed mode, sharing, tiered, compressed oops, compressed class ptrs, parallel gc, windows-amd64)
# No core dump will be written. Minidumps are not enabled by default on client versions of Windows
#

---------------  S U M M A R Y ------------

Command Line: --add-modules=ALL-SYSTEM --add-opens=java.base/java.util=ALL-UNNAMED --add-opens=java.base/java.lang=ALL-UNNAMED --add-opens=java.base/sun.nio.fs=ALL-UNNAMED -Declipse.application=org.eclipse.jdt.ls.core.id1 -Dosgi.bundles.defaultStartLevel=4 -Declipse.product=org.eclipse.jdt.ls.core.product -Djava.import.generatesMetadataFilesAtProjectRoot=false -DDetectVMInstallationsJob.disabled=true -Dfile.encoding=utf8 -XX:+UseParallelGC -XX:GCTimeRatio=4 -XX:AdaptiveSizePolicyWeight=90 -Dsun.zip.disableMemoryMapping=true -Xmx2G -Xms100m -Xlog:disable -javaagent:c:\Users\smsaf\.vscode\extensions\redhat.java-1.50.0-win32-x64\lombok\lombok-1.18.39-4050.jar -XX:+HeapDumpOnOutOfMemoryError -XX:HeapDumpPath=c:\Users\smsaf\AppData\Roaming\Code\User\workspaceStorage\ee99922e73409e8d83340d72df56aedf\redhat.java -Daether.dependencyCollector.impl=bf c:\Users\smsaf\.vscode\extensions\redhat.java-1.50.0-win32-x64\server\plugins\org.eclipse.equinox.launcher_1.7.100.v20251111-0406.jar -configuration c:\Users\smsaf\AppData\Roaming\Code\User\globalStorage\redhat.java\1.50.0\config_win -data c:\Users\smsaf\AppData\Roaming\Code\User\workspaceStorage\ee99922e73409e8d83340d72df56aedf\redhat.java\jdt_ws --pipe=\\.\pipe\lsp-0c55496e45aead4ae2343098ad095ba2-sock

Host: 11th Gen Intel(R) Core(TM) i5-1135G7 @ 2.40GHz, 8 cores, 23G,  Windows 11 , 64 bit Build 26100 (10.0.26100.7019)
Time: Wed Dec  3 16:18:59 2025 India Standard Time elapsed time: 1548.137985 seconds (0d 0h 25m 48s)

---------------  T H R E A D  ---------------

Current thread (0x0000020096dd5900):  JavaThread "Attach Listener" daemon [_thread_in_vm, id=14444, stack(0x00000047a2b00000,0x00000047a2c00000) (1024K)]

Stack: [0x00000047a2b00000,0x00000047a2c00000]
Native frames: (J=compiled Java code, j=interpreted, Vv=VM code, C=native code)
V  [jvm.dll+0x6d6e29]
V  [jvm.dll+0x8b4b76]
V  [jvm.dll+0x8b712e]
V  [jvm.dll+0x8b7813]
V  [jvm.dll+0x283d86]
V  [jvm.dll+0xc1277]
V  [jvm.dll+0x6d76d9]
V  [jvm.dll+0x133466]
V  [jvm.dll+0x3f7ea6]
V  [jvm.dll+0x85e9ad]
V  [jvm.dll+0x6d565d]
C  [ucrtbase.dll+0x37b0]
C  [KERNEL32.DLL+0x2e8d7]
C  [ntdll.dll+0x8c53c]


---------------  P R O C E S S  ---------------

Threads class SMR info:
_java_thread_list=0x00000200e388dbc0, length=36, elements={
0x00000200ffc88c70, 0x00000200ffd3e3c0, 0x0000020096dc42b0, 0x0000020096dd0d80,
0x0000020096dd5900, 0x0000020096dd6370, 0x0000020096dd69d0, 0x0000020096dd9420,
0x0000020096dfc0e0, 0x00000200d9b14080, 0x00000200d9b21b40, 0x00000200de71a110,
0x00000200d9bc72a0, 0x00000200d9912b00, 0x00000200de30f720, 0x00000200ded7f460,
0x00000200deb0f140, 0x00000200de6d9280, 0x00000200de6da630, 0x00000200de6d8bf0,
0x00000200e1907660, 0x00000200e19090a0, 0x00000200e1908380, 0x00000200e1906fd0,
0x00000200e1909730, 0x00000200e190be90, 0x00000200e1909dc0, 0x00000200e1908a10,
0x00000200e190d8d0, 0x00000200e190c520, 0x00000200e190cbb0, 0x00000200e190b800,
0x00000200dfd1e0b0, 0x00000200dfd1cd00, 0x00000200dfd1a5a0, 0x00000200dfd1b2c0
}

Java Threads: ( => current thread )
  0x00000200ffc88c70 JavaThread "main"                              [_thread_blocked, id=22612, stack(0x00000047a2400000,0x00000047a2500000) (1024K)]
  0x00000200ffd3e3c0 JavaThread "Reference Handler"          daemon [_thread_blocked, id=17972, stack(0x00000047a2800000,0x00000047a2900000) (1024K)]
  0x0000020096dc42b0 JavaThread "Finalizer"                  daemon [_thread_blocked, id=20856, stack(0x00000047a2900000,0x00000047a2a00000) (1024K)]
  0x0000020096dd0d80 JavaThread "Signal Dispatcher"          daemon [_thread_blocked, id=17884, stack(0x00000047a2a00000,0x00000047a2b00000) (1024K)]
=>0x0000020096dd5900 JavaThread "Attach Listener"            daemon [_thread_in_vm, id=14444, stack(0x00000047a2b00000,0x00000047a2c00000) (1024K)]
  0x0000020096dd6370 JavaThread "Service Thread"             daemon [_thread_blocked, id=25296, stack(0x00000047a2c00000,0x00000047a2d00000) (1024K)]
  0x0000020096dd69d0 JavaThread "Monitor Deflation Thread"   daemon [_thread_blocked, id=17324, stack(0x00000047a2d00000,0x00000047a2e00000) (1024K)]
  0x0000020096dd9420 JavaThread "C2 CompilerThread0"         daemon [_thread_blocked, id=20472, stack(0x00000047a2e00000,0x00000047a2f00000) (1024K)]
  0x0000020096dfc0e0 JavaThread "C1 CompilerThread0"         daemon [_thread_blocked, id=12732, stack(0x00000047a2f00000,0x00000047a3000000) (1024K)]
  0x00000200d9b14080 JavaThread "Common-Cleaner"             daemon [_thread_blocked, id=21932, stack(0x00000047a3000000,0x00000047a3100000) (1024K)]
  0x00000200d9b21b40 JavaThread "Notification Thread"        daemon [_thread_blocked, id=18784, stack(0x00000047a3100000,0x00000047a3200000) (1024K)]
  0x00000200de71a110 JavaThread "Active Thread: Equinox Container: 4913b0c5-1715-4782-871a-030512a439f7"        [_thread_blocked, id=17040, stack(0x00000047a3a00000,0x00000047a3b00000) (1024K)]
  0x00000200d9bc72a0 JavaThread "Refresh Thread: Equinox Container: 4913b0c5-1715-4782-871a-030512a439f7" daemon [_thread_blocked, id=21696, stack(0x00000047a3200000,0x00000047a3300000) (1024K)]
  0x00000200d9912b00 JavaThread "Framework Event Dispatcher: Equinox Container: 4913b0c5-1715-4782-871a-030512a439f7" daemon [_thread_blocked, id=24396, stack(0x00000047a3b00000,0x00000047a3c00000) (1024K)]
  0x00000200de30f720 JavaThread "Start Level: Equinox Container: 4913b0c5-1715-4782-871a-030512a439f7" daemon [_thread_blocked, id=20536, stack(0x00000047a3c00000,0x00000047a3d00000) (1024K)]
  0x00000200ded7f460 JavaThread "Bundle File Closer"         daemon [_thread_blocked, id=25160, stack(0x00000047a3e00000,0x00000047a3f00000) (1024K)]
  0x00000200deb0f140 JavaThread "SCR Component Actor"        daemon [_thread_blocked, id=21112, stack(0x00000047a2300000,0x00000047a2400000) (1024K)]
  0x00000200de6d9280 JavaThread "Worker-JM"                         [_thread_blocked, id=6516, stack(0x00000047a4000000,0x00000047a4100000) (1024K)]
  0x00000200de6da630 JavaThread "JNA Cleaner"                daemon [_thread_blocked, id=21876, stack(0x00000047a3d00000,0x00000047a3e00000) (1024K)]
  0x00000200de6d8bf0 JavaThread "Java indexing"              daemon [_thread_blocked, id=20000, stack(0x00000047a4300000,0x00000047a4400000) (1024K)]
  0x00000200e1907660 JavaThread "Thread-1"                   daemon [_thread_in_native, id=3008, stack(0x00000047a4b00000,0x00000047a4c00000) (1024K)]
  0x00000200e19090a0 JavaThread "Thread-2"                   daemon [_thread_in_native, id=24328, stack(0x00000047a4c00000,0x00000047a4d00000) (1024K)]
  0x00000200e1908380 JavaThread "Thread-3"                   daemon [_thread_in_native, id=24624, stack(0x00000047a4d00000,0x00000047a4e00000) (1024K)]
  0x00000200e1906fd0 JavaThread "Thread-4"                   daemon [_thread_in_native, id=20476, stack(0x00000047a4e00000,0x00000047a4f00000) (1024K)]
  0x00000200e1909730 JavaThread "Thread-5"                   daemon [_thread_in_native, id=12504, stack(0x00000047a4f00000,0x00000047a5000000) (1024K)]
  0x00000200e190be90 JavaThread "Thread-6"                   daemon [_thread_in_native, id=19260, stack(0x00000047a5000000,0x00000047a5100000) (1024K)]
  0x00000200e1909dc0 JavaThread "Thread-7"                   daemon [_thread_in_native, id=20144, stack(0x00000047a5100000,0x00000047a5200000) (1024K)]
  0x00000200e1908a10 JavaThread "Thread-8"                   daemon [_thread_in_native, id=16332, stack(0x00000047a5200000,0x00000047a5300000) (1024K)]
  0x00000200e190d8d0 JavaThread "Thread-9"                   daemon [_thread_in_native, id=14592, stack(0x00000047a5300000,0x00000047a5400000) (1024K)]
  0x00000200e190c520 JavaThread "pool-2-thread-1"                   [_thread_blocked, id=8340, stack(0x00000047a5400000,0x00000047a5500000) (1024K)]
  0x00000200e190cbb0 JavaThread "WorkspaceEventsHandler"            [_thread_blocked, id=19536, stack(0x00000047a5500000,0x00000047a5600000) (1024K)]
  0x00000200e190b800 JavaThread "pool-1-thread-1"                   [_thread_blocked, id=25152, stack(0x00000047a5600000,0x00000047a5700000) (1024K)]
  0x00000200dfd1e0b0 JavaThread "Timer-0"                           [_thread_blocked, id=22740, stack(0x00000047a4200000,0x00000047a4300000) (1024K)]
  0x00000200dfd1cd00 JavaThread "Worker-6"                          [_thread_blocked, id=22164, stack(0x00000047a2100000,0x00000047a2200000) (1024K)]
  0x00000200dfd1a5a0 JavaThread "Worker-7"                          [_thread_blocked, id=3660, stack(0x00000047a2200000,0x00000047a2300000) (1024K)]
  0x00000200dfd1b2c0 JavaThread "Worker-9"                          [_thread_blocked, id=28664, stack(0x00000047a3f00000,0x00000047a4000000) (1024K)]
Total: 36

Other Threads:
  0x00000200ffd20790 VMThread "VM Thread"                           [id=15648, stack(0x00000047a2700000,0x00000047a2800000) (1024K)]
  0x0000020096cdc950 WatcherThread "VM Periodic Task Thread"        [id=22096, stack(0x00000047a2600000,0x00000047a2700000) (1024K)]
  0x00000200ffca65d0 WorkerThread "GC Thread#0"                     [id=6008, stack(0x00000047a2500000,0x00000047a2600000) (1024K)]
  0x00000200de45b720 WorkerThread "GC Thread#1"                     [id=25300, stack(0x00000047a3300000,0x00000047a3400000) (1024K)]
  0x00000200de6afbb0 WorkerThread "GC Thread#2"                     [id=25068, stack(0x00000047a3400000,0x00000047a3500000) (1024K)]
  0x00000200de6aff50 WorkerThread "GC Thread#3"                     [id=20804, stack(0x00000047a3500000,0x00000047a3600000) (1024K)]
  0x00000200de393ea0 WorkerThread "GC Thread#4"                     [id=20688, stack(0x00000047a3600000,0x00000047a3700000) (1024K)]
  0x00000200de394240 WorkerThread "GC Thread#5"                     [id=20500, stack(0x00000047a3700000,0x00000047a3800000) (1024K)]
  0x00000200de3945e0 WorkerThread "GC Thread#6"                     [id=344, stack(0x00000047a3800000,0x00000047a3900000) (1024K)]
  0x00000200de668da0 WorkerThread "GC Thread#7"                     [id=23856, stack(0x00000047a3900000,0x00000047a3a00000) (1024K)]
Total: 10

Threads with active compile tasks:
Total: 0

VM state: not at safepoint (normal execution)

VM Mutex/Monitor currently owned by a thread: None

Heap address: 0x0000000080000000, size: 2048 MB, Compressed Oops mode: 32-bit

CDS archive(s) mapped at: [0x0000020097000000-0x0000020097ba0000-0x0000020097ba0000), size 12189696, SharedBaseAddress: 0x0000020097000000, ArchiveRelocationMode: 1.
Compressed class space mapped at: 0x0000020098000000-0x00000200d8000000, reserved size: 1073741824
Narrow klass base: 0x0000020097000000, Narrow klass shift: 0, Narrow klass range: 0x100000000

GC Precious Log:
 CardTable entry size: 512
 CPUs: 8 total, 8 available
 Memory: 24310M
 Large Page Support: Disabled
 NUMA Support: Disabled
 Compressed Oops: Enabled (32-bit)
 Alignments: Space 512K, Generation 512K, Heap 2M
 Heap Min Capacity: 100M
 Heap Initial Capacity: 100M
 Heap Max Capacity: 2G
 Pre-touch: Disabled
 Parallel Workers: 8

Heap:
 PSYoungGen      total 4608K, used 3940K [0x00000000d5580000, 0x00000000d5b00000, 0x0000000100000000)
  eden space 4096K, 89% used [0x00000000d5580000,0x00000000d59192b0,0x00000000d5980000)
  from space 512K, 50% used [0x00000000d5a80000,0x00000000d5ac0000,0x00000000d5b00000)
  to   space 512K, 0% used [0x00000000d5a00000,0x00000000d5a00000,0x00000000d5a80000)
 ParOldGen       total 98816K, used 98453K [0x0000000080000000, 0x0000000086080000, 0x00000000d5580000)
  object space 98816K, 99% used [0x0000000080000000,0x0000000086025518,0x0000000086080000)
 Metaspace       used 64701K, committed 66112K, reserved 1114112K
  class space    used 7375K, committed 8000K, reserved 1048576K

Card table byte_map: [0x0000020092140000,0x0000020092550000] _byte_map_base: 0x0000020091d40000

Marking Bits: (ParMarkBitMap*) 0x00007ff8b5e72460
 Begin Bits: [0x0000020092800000, 0x0000020094800000)
 End Bits:   [0x0000020094800000, 0x0000020096800000)

Polling page: 0x00000200fe250000

Metaspace:

Usage:
  Non-class:     55.98 MB used.
      Class:      7.20 MB used.
       Both:     63.19 MB used.

Virtual space:
  Non-class space:       64.00 MB reserved,      56.75 MB ( 89%) committed,  1 nodes.
      Class space:        1.00 GB reserved,       7.81 MB ( <1%) committed,  1 nodes.
             Both:        1.06 GB reserved,      64.56 MB (  6%) committed. 

Chunk freelists:
   Non-Class:  7.01 MB
       Class:  8.04 MB
        Both:  15.05 MB

MaxMetaspaceSize: unlimited
CompressedClassSpaceSize: 1.00 GB
Initial GC threshold: 21.00 MB
Current GC threshold: 97.31 MB
CDS: on
 - commit_granule_bytes: 65536.
 - commit_granule_words: 8192.
 - virtual_space_node_default_size: 8388608.
 - enlarge_chunks_in_place: 1.
 - use_allocation_guard: 0.


Internal statistics:

num_allocs_failed_limit: 9.
num_arena_births: 1106.
num_arena_deaths: 14.
num_vsnodes_births: 2.
num_vsnodes_deaths: 0.
num_space_committed: 1033.
num_space_uncommitted: 0.
num_chunks_returned_to_freelist: 23.
num_chunks_taken_from_freelist: 3857.
num_chunk_merges: 12.
num_chunk_splits: 2417.
num_chunks_enlarged: 1456.
num_inconsistent_stats: 0.

CodeHeap 'non-profiled nmethods': size=120000Kb used=7820Kb max_used=7820Kb free=112180Kb
 bounds [0x000002008ac10000, 0x000002008b3c0000, 0x0000020092140000]
CodeHeap 'profiled nmethods': size=120000Kb used=22954Kb max_used=22954Kb free=97045Kb
 bounds [0x0000020083140000, 0x00000200847b0000, 0x000002008a670000]
CodeHeap 'non-nmethods': size=5760Kb used=1438Kb max_used=1497Kb free=4321Kb
 bounds [0x000002008a670000, 0x000002008a8e0000, 0x000002008ac10000]
CodeCache: size=245760Kb, used=32212Kb, max_used=32271Kb, free=213546Kb
 total_blobs=11495, nmethods=10762, adapters=638, full_count=0
Compilation: enabled, stopped_count=0, restarted_count=0

Compilation events (20 events):
Event: 1510.234 Thread 0x0000020096dfc0e0 11558       1       java.util.stream.AbstractTask::getLocalResult (5 bytes)
Event: 1510.234 Thread 0x0000020096dfc0e0 nmethod 11558 0x000002008b3b2710 code [0x000002008b3b28a0, 0x000002008b3b2968]
Event: 1510.235 Thread 0x0000020096dfc0e0 11560       3       java.util.concurrent.CountedCompleter::<init> (10 bytes)
Event: 1510.235 Thread 0x0000020096dfc0e0 nmethod 11560 0x00000200847a7390 code [0x00000200847a7540, 0x00000200847a7728]
Event: 1510.235 Thread 0x0000020096dfc0e0 11561       1       java.util.concurrent.CountedCompleter::setPendingCount (6 bytes)
Event: 1510.235 Thread 0x0000020096dfc0e0 nmethod 11561 0x000002008b3b2a10 code [0x000002008b3b2ba0, 0x000002008b3b2c70]
Event: 1510.235 Thread 0x0000020096dfc0e0 11562       3       java.util.Hashtable$Enumerator::<init> (51 bytes)
Event: 1510.236 Thread 0x0000020096dfc0e0 nmethod 11562 0x00000200847a7810 code [0x00000200847a79c0, 0x00000200847a7b78]
Event: 1510.237 Thread 0x0000020096dfc0e0 11563       3       java.util.concurrent.ForkJoinPool::compareAndExchangeCtl (13 bytes)
Event: 1510.238 Thread 0x0000020096dfc0e0 nmethod 11563 0x00000200847a7c90 code [0x00000200847a7e40, 0x00000200847a7fa0]
Event: 1510.238 Thread 0x0000020096dfc0e0 11564       3       org.eclipse.core.internal.watson.ElementTreeWriter$1::writeData (25 bytes)
Event: 1510.239 Thread 0x0000020096dfc0e0 nmethod 11564 0x00000200847a8090 code [0x00000200847a8260, 0x00000200847a84a0]
Event: 1510.239 Thread 0x0000020096dfc0e0 11565       3       org.eclipse.core.internal.resources.SaveManager::writeElement (36 bytes)
Event: 1510.239 Thread 0x0000020096dfc0e0 nmethod 11565 0x00000200847a8610 code [0x00000200847a88a0, 0x00000200847a9398]
Event: 1510.239 Thread 0x0000020096dfc0e0 11566       3       org.eclipse.core.internal.resources.ResourceInfo::writeTo (41 bytes)
Event: 1510.240 Thread 0x0000020096dfc0e0 nmethod 11566 0x00000200847a9810 code [0x00000200847a9a00, 0x00000200847a9f40]
Event: 1510.261 Thread 0x0000020096dfc0e0 11567       3       org.eclipse.core.internal.resources.Project::isLocal (64 bytes)
Event: 1510.262 Thread 0x0000020096dfc0e0 nmethod 11567 0x00000200847aa090 code [0x00000200847aa280, 0x00000200847aa700]
Event: 1510.265 Thread 0x0000020096dd9420 11568       4       org.eclipse.core.filesystem.provider.FileInfo::exists (7 bytes)
Event: 1510.265 Thread 0x0000020096dd9420 nmethod 11568 0x000002008b3b2d10 code [0x000002008b3b2ea0, 0x000002008b3b2f38]

GC Heap History (20 events):
Event: 1279.579 GC heap before
{Heap before GC invocations=228 (full 3):
 PSYoungGen      total 4608K, used 4352K [0x00000000d5580000, 0x00000000d5b00000, 0x0000000100000000)
  eden space 4096K, 100% used [0x00000000d5580000,0x00000000d5980000,0x00000000d5980000)
  from space 512K, 50% used [0x00000000d5a80000,0x00000000d5ac0000,0x00000000d5b00000)
  to   space 512K, 0% used [0x00000000d5a00000,0x00000000d5a00000,0x00000000d5a80000)
 ParOldGen       total 98304K, used 97957K [0x0000000080000000, 0x0000000086000000, 0x00000000d5580000)
  object space 98304K, 99% used [0x0000000080000000,0x0000000085fa9518,0x0000000086000000)
 Metaspace       used 64640K, committed 66112K, reserved 1114112K
  class space    used 7375K, committed 8000K, reserved 1048576K
}
Event: 1279.580 GC heap after
{Heap after GC invocations=228 (full 3):
 PSYoungGen      total 4608K, used 256K [0x00000000d5580000, 0x00000000d5b00000, 0x0000000100000000)
  eden space 4096K, 0% used [0x00000000d5580000,0x00000000d5580000,0x00000000d5980000)
  from space 512K, 50% used [0x00000000d5a00000,0x00000000d5a40000,0x00000000d5a80000)
  to   space 512K, 0% used [0x00000000d5a80000,0x00000000d5a80000,0x00000000d5b00000)
 ParOldGen       total 98304K, used 98005K [0x0000000080000000, 0x0000000086000000, 0x00000000d5580000)
  object space 98304K, 99% used [0x0000000080000000,0x0000000085fb5518,0x0000000086000000)
 Metaspace       used 64640K, committed 66112K, reserved 1114112K
  class space    used 7375K, committed 8000K, reserved 1048576K
}
Event: 1280.798 GC heap before
{Heap before GC invocations=229 (full 3):
 PSYoungGen      total 4608K, used 4352K [0x00000000d5580000, 0x00000000d5b00000, 0x0000000100000000)
  eden space 4096K, 100% used [0x00000000d5580000,0x00000000d5980000,0x00000000d5980000)
  from space 512K, 50% used [0x00000000d5a00000,0x00000000d5a40000,0x00000000d5a80000)
  to   space 512K, 0% used [0x00000000d5a80000,0x00000000d5a80000,0x00000000d5b00000)
 ParOldGen       total 98304K, used 98005K [0x0000000080000000, 0x0000000086000000, 0x00000000d5580000)
  object space 98304K, 99% used [0x0000000080000000,0x0000000085fb5518,0x0000000086000000)
 Metaspace       used 64641K, committed 66112K, reserved 1114112K
  class space    used 7375K, committed 8000K, reserved 1048576K
}
Event: 1280.799 GC heap after
{Heap after GC invocations=229 (full 3):
 PSYoungGen      total 4608K, used 224K [0x00000000d5580000, 0x00000000d5b00000, 0x0000000100000000)
  eden space 4096K, 0% used [0x00000000d5580000,0x00000000d5580000,0x00000000d5980000)
  from space 512K, 43% used [0x00000000d5a80000,0x00000000d5ab8000,0x00000000d5b00000)
  to   space 512K, 0% used [0x00000000d5a00000,0x00000000d5a00000,0x00000000d5a80000)
 ParOldGen       total 98304K, used 98069K [0x0000000080000000, 0x0000000086000000, 0x00000000d5580000)
  object space 98304K, 99% used [0x0000000080000000,0x0000000085fc5518,0x0000000086000000)
 Metaspace       used 64641K, committed 66112K, reserved 1114112K
  class space    used 7375K, committed 8000K, reserved 1048576K
}
Event: 1282.981 GC heap before
{Heap before GC invocations=230 (full 3):
 PSYoungGen      total 4608K, used 4320K [0x00000000d5580000, 0x00000000d5b00000, 0x0000000100000000)
  eden space 4096K, 100% used [0x00000000d5580000,0x00000000d5980000,0x00000000d5980000)
  from space 512K, 43% used [0x00000000d5a80000,0x00000000d5ab8000,0x00000000d5b00000)
  to   space 512K, 0% used [0x00000000d5a00000,0x00000000d5a00000,0x00000000d5a80000)
 ParOldGen       total 98304K, used 98069K [0x0000000080000000, 0x0000000086000000, 0x00000000d5580000)
  object space 98304K, 99% used [0x0000000080000000,0x0000000085fc5518,0x0000000086000000)
 Metaspace       used 64642K, committed 66112K, reserved 1114112K
  class space    used 7375K, committed 8000K, reserved 1048576K
}
Event: 1282.981 GC heap after
{Heap after GC invocations=230 (full 3):
 PSYoungGen      total 4608K, used 224K [0x00000000d5580000, 0x00000000d5b00000, 0x0000000100000000)
  eden space 4096K, 0% used [0x00000000d5580000,0x00000000d5580000,0x00000000d5980000)
  from space 512K, 43% used [0x00000000d5a00000,0x00000000d5a38000,0x00000000d5a80000)
  to   space 512K, 0% used [0x00000000d5a80000,0x00000000d5a80000,0x00000000d5b00000)
 ParOldGen       total 98304K, used 98117K [0x0000000080000000, 0x0000000086000000, 0x00000000d5580000)
  object space 98304K, 99% used [0x0000000080000000,0x0000000085fd1518,0x0000000086000000)
 Metaspace       used 64642K, committed 66112K, reserved 1114112K
  class space    used 7375K, committed 8000K, reserved 1048576K
}
Event: 1283.218 GC heap before
{Heap before GC invocations=231 (full 3):
 PSYoungGen      total 4608K, used 4320K [0x00000000d5580000, 0x00000000d5b00000, 0x0000000100000000)
  eden space 4096K, 100% used [0x00000000d5580000,0x00000000d5980000,0x00000000d5980000)
  from space 512K, 43% used [0x00000000d5a00000,0x00000000d5a38000,0x00000000d5a80000)
  to   space 512K, 0% used [0x00000000d5a80000,0x00000000d5a80000,0x00000000d5b00000)
 ParOldGen       total 98304K, used 98117K [0x0000000080000000, 0x0000000086000000, 0x00000000d5580000)
  object space 98304K, 99% used [0x0000000080000000,0x0000000085fd1518,0x0000000086000000)
 Metaspace       used 64642K, committed 66112K, reserved 1114112K
  class space    used 7375K, committed 8000K, reserved 1048576K
}
Event: 1283.219 GC heap after
{Heap after GC invocations=231 (full 3):
 PSYoungGen      total 4608K, used 256K [0x00000000d5580000, 0x00000000d5b00000, 0x0000000100000000)
  eden space 4096K, 0% used [0x00000000d5580000,0x00000000d5580000,0x00000000d5980000)
  from space 512K, 50% used [0x00000000d5a80000,0x00000000d5ac0000,0x00000000d5b00000)
  to   space 512K, 0% used [0x00000000d5a00000,0x00000000d5a00000,0x00000000d5a80000)
 ParOldGen       total 98304K, used 98173K [0x0000000080000000, 0x0000000086000000, 0x00000000d5580000)
  object space 98304K, 99% used [0x0000000080000000,0x0000000085fdf518,0x0000000086000000)
 Metaspace       used 64642K, committed 66112K, reserved 1114112K
  class space    used 7375K, committed 8000K, reserved 1048576K
}
Event: 1284.718 GC heap before
{Heap before GC invocations=232 (full 3):
 PSYoungGen      total 4608K, used 4352K [0x00000000d5580000, 0x00000000d5b00000, 0x0000000100000000)
  eden space 4096K, 100% used [0x00000000d5580000,0x00000000d5980000,0x00000000d5980000)
  from space 512K, 50% used [0x00000000d5a80000,0x00000000d5ac0000,0x00000000d5b00000)
  to   space 512K, 0% used [0x00000000d5a00000,0x00000000d5a00000,0x00000000d5a80000)
 ParOldGen       total 98304K, used 98173K [0x0000000080000000, 0x0000000086000000, 0x00000000d5580000)
  object space 98304K, 99% used [0x0000000080000000,0x0000000085fdf518,0x0000000086000000)
 Metaspace       used 64643K, committed 66112K, reserved 1114112K
  class space    used 7375K, committed 8000K, reserved 1048576K
}
Event: 1284.718 GC heap after
{Heap after GC invocations=232 (full 3):
 PSYoungGen      total 4608K, used 224K [0x00000000d5580000, 0x00000000d5b00000, 0x0000000100000000)
  eden space 4096K, 0% used [0x00000000d5580000,0x00000000d5580000,0x00000000d5980000)
  from space 512K, 43% used [0x00000000d5a00000,0x00000000d5a38000,0x00000000d5a80000)
  to   space 512K, 0% used [0x00000000d5a80000,0x00000000d5a80000,0x00000000d5b00000)
 ParOldGen       total 98304K, used 98229K [0x0000000080000000, 0x0000000086000000, 0x00000000d5580000)
  object space 98304K, 99% used [0x0000000080000000,0x0000000085fed518,0x0000000086000000)
 Metaspace       used 64643K, committed 66112K, reserved 1114112K
  class space    used 7375K, committed 8000K, reserved 1048576K
}
Event: 1286.152 GC heap before
{Heap before GC invocations=233 (full 3):
 PSYoungGen      total 4608K, used 4320K [0x00000000d5580000, 0x00000000d5b00000, 0x0000000100000000)
  eden space 4096K, 100% used [0x00000000d5580000,0x00000000d5980000,0x00000000d5980000)
  from space 512K, 43% used [0x00000000d5a00000,0x00000000d5a38000,0x00000000d5a80000)
  to   space 512K, 0% used [0x00000000d5a80000,0x00000000d5a80000,0x00000000d5b00000)
 ParOldGen       total 98304K, used 98229K [0x0000000080000000, 0x0000000086000000, 0x00000000d5580000)
  object space 98304K, 99% used [0x0000000080000000,0x0000000085fed518,0x0000000086000000)
 Metaspace       used 64643K, committed 66112K, reserved 1114112K
  class space    used 7375K, committed 8000K, reserved 1048576K
}
Event: 1286.153 GC heap after
{Heap after GC invocations=233 (full 3):
 PSYoungGen      total 4608K, used 192K [0x00000000d5580000, 0x00000000d5b00000, 0x0000000100000000)
  eden space 4096K, 0% used [0x00000000d5580000,0x00000000d5580000,0x00000000d5980000)
  from space 512K, 37% used [0x00000000d5a80000,0x00000000d5ab0000,0x00000000d5b00000)
  to   space 512K, 0% used [0x00000000d5a00000,0x00000000d5a00000,0x00000000d5a80000)
 ParOldGen       total 98304K, used 98277K [0x0000000080000000, 0x0000000086000000, 0x00000000d5580000)
  object space 98304K, 99% used [0x0000000080000000,0x0000000085ff9518,0x0000000086000000)
 Metaspace       used 64643K, committed 66112K, reserved 1114112K
  class space    used 7375K, committed 8000K, reserved 1048576K
}
Event: 1287.369 GC heap before
{Heap before GC invocations=234 (full 3):
 PSYoungGen      total 4608K, used 4287K [0x00000000d5580000, 0x00000000d5b00000, 0x0000000100000000)
  eden space 4096K, 99% used [0x00000000d5580000,0x00000000d597fdd0,0x00000000d5980000)
  from space 512K, 37% used [0x00000000d5a80000,0x00000000d5ab0000,0x00000000d5b00000)
  to   space 512K, 0% used [0x00000000d5a00000,0x00000000d5a00000,0x00000000d5a80000)
 ParOldGen       total 98304K, used 98277K [0x0000000080000000, 0x0000000086000000, 0x00000000d5580000)
  object space 98304K, 99% used [0x0000000080000000,0x0000000085ff9518,0x0000000086000000)
 Metaspace       used 64649K, committed 66112K, reserved 1114112K
  class space    used 7375K, committed 8000K, reserved 1048576K
}
Event: 1287.370 GC heap after
{Heap after GC invocations=234 (full 3):
 PSYoungGen      total 4608K, used 256K [0x00000000d5580000, 0x00000000d5b00000, 0x0000000100000000)
  eden space 4096K, 0% used [0x00000000d5580000,0x00000000d5580000,0x00000000d5980000)
  from space 512K, 50% used [0x00000000d5a00000,0x00000000d5a40000,0x00000000d5a80000)
  to   space 512K, 0% used [0x00000000d5a80000,0x00000000d5a80000,0x00000000d5b00000)
 ParOldGen       total 98816K, used 98317K [0x0000000080000000, 0x0000000086080000, 0x00000000d5580000)
  object space 98816K, 99% used [0x0000000080000000,0x0000000086003518,0x0000000086080000)
 Metaspace       used 64649K, committed 66112K, reserved 1114112K
  class space    used 7375K, committed 8000K, reserved 1048576K
}
Event: 1288.426 GC heap before
{Heap before GC invocations=235 (full 3):
 PSYoungGen      total 4608K, used 4352K [0x00000000d5580000, 0x00000000d5b00000, 0x0000000100000000)
  eden space 4096K, 100% used [0x00000000d5580000,0x00000000d5980000,0x00000000d5980000)
  from space 512K, 50% used [0x00000000d5a00000,0x00000000d5a40000,0x00000000d5a80000)
  to   space 512K, 0% used [0x00000000d5a80000,0x00000000d5a80000,0x00000000d5b00000)
 ParOldGen       total 98816K, used 98317K [0x0000000080000000, 0x0000000086080000, 0x00000000d5580000)
  object space 98816K, 99% used [0x0000000080000000,0x0000000086003518,0x0000000086080000)
 Metaspace       used 64651K, committed 66112K, reserved 1114112K
  class space    used 7375K, committed 8000K, reserved 1048576K
}
Event: 1288.427 GC heap after
{Heap after GC invocations=235 (full 3):
 PSYoungGen      total 4608K, used 160K [0x00000000d5580000, 0x00000000d5b00000, 0x0000000100000000)
  eden space 4096K, 0% used [0x00000000d5580000,0x00000000d5580000,0x00000000d5980000)
  from space 512K, 31% used [0x00000000d5a80000,0x00000000d5aa8000,0x00000000d5b00000)
  to   space 512K, 0% used [0x00000000d5a00000,0x00000000d5a00000,0x00000000d5a80000)
 ParOldGen       total 98816K, used 98365K [0x0000000080000000, 0x0000000086080000, 0x00000000d5580000)
  object space 98816K, 99% used [0x0000000080000000,0x000000008600f518,0x0000000086080000)
 Metaspace       used 64651K, committed 66112K, reserved 1114112K
  class space    used 7375K, committed 8000K, reserved 1048576K
}
Event: 1292.913 GC heap before
{Heap before GC invocations=236 (full 3):
 PSYoungGen      total 4608K, used 4254K [0x00000000d5580000, 0x00000000d5b00000, 0x0000000100000000)
  eden space 4096K, 99% used [0x00000000d5580000,0x00000000d597faa8,0x00000000d5980000)
  from space 512K, 31% used [0x00000000d5a80000,0x00000000d5aa8000,0x00000000d5b00000)
  to   space 512K, 0% used [0x00000000d5a00000,0x00000000d5a00000,0x00000000d5a80000)
 ParOldGen       total 98816K, used 98365K [0x0000000080000000, 0x0000000086080000, 0x00000000d5580000)
  object space 98816K, 99% used [0x0000000080000000,0x000000008600f518,0x0000000086080000)
 Metaspace       used 64657K, committed 66112K, reserved 1114112K
  class space    used 7375K, committed 8000K, reserved 1048576K
}
Event: 1292.914 GC heap after
{Heap after GC invocations=236 (full 3):
 PSYoungGen      total 4608K, used 224K [0x00000000d5580000, 0x00000000d5b00000, 0x0000000100000000)
  eden space 4096K, 0% used [0x00000000d5580000,0x00000000d5580000,0x00000000d5980000)
  from space 512K, 43% used [0x00000000d5a00000,0x00000000d5a38000,0x00000000d5a80000)
  to   space 512K, 0% used [0x00000000d5a80000,0x00000000d5a80000,0x00000000d5b00000)
 ParOldGen       total 98816K, used 98413K [0x0000000080000000, 0x0000000086080000, 0x00000000d5580000)
  object space 98816K, 99% used [0x0000000080000000,0x000000008601b518,0x0000000086080000)
 Metaspace       used 64657K, committed 66112K, reserved 1114112K
  class space    used 7375K, committed 8000K, reserved 1048576K
}
Event: 1296.376 GC heap before
{Heap before GC invocations=237 (full 3):
 PSYoungGen      total 4608K, used 4320K [0x00000000d5580000, 0x00000000d5b00000, 0x0000000100000000)
  eden space 4096K, 100% used [0x00000000d5580000,0x00000000d5980000,0x00000000d5980000)
  from space 512K, 43% used [0x00000000d5a00000,0x00000000d5a38000,0x00000000d5a80000)
  to   space 512K, 0% used [0x00000000d5a80000,0x00000000d5a80000,0x00000000d5b00000)
 ParOldGen       total 98816K, used 98413K [0x0000000080000000, 0x0000000086080000, 0x00000000d5580000)
  object space 98816K, 99% used [0x0000000080000000,0x000000008601b518,0x0000000086080000)
 Metaspace       used 64691K, committed 66112K, reserved 1114112K
  class space    used 7375K, committed 8000K, reserved 1048576K
}
Event: 1296.376 GC heap after
{Heap after GC invocations=237 (full 3):
 PSYoungGen      total 4608K, used 256K [0x00000000d5580000, 0x00000000d5b00000, 0x0000000100000000)
  eden space 4096K, 0% used [0x00000000d5580000,0x00000000d5580000,0x00000000d5980000)
  from space 512K, 50% used [0x00000000d5a80000,0x00000000d5ac0000,0x00000000d5b00000)
  to   space 512K, 0% used [0x00000000d5a00000,0x00000000d5a00000,0x00000000d5a80000)
 ParOldGen       total 98816K, used 98453K [0x0000000080000000, 0x0000000086080000, 0x00000000d5580000)
  object space 98816K, 99% used [0x0000000080000000,0x0000000086025518,0x0000000086080000)
 Metaspace       used 64691K, committed 66112K, reserved 1114112K
  class space    used 7375K, committed 8000K, reserved 1048576K
}

Dll operation events (15 events):
Event: 0.015 Loaded shared library c:\Users\smsaf\.vscode\extensions\redhat.java-1.50.0-win32-x64\jre\21.0.9-win32-x86_64\bin\java.dll
Event: 0.101 Loaded shared library c:\Users\smsaf\.vscode\extensions\redhat.java-1.50.0-win32-x64\jre\21.0.9-win32-x86_64\bin\zip.dll
Event: 0.125 Loaded shared library C:\Users\smsaf\.vscode\extensions\redhat.java-1.50.0-win32-x64\jre\21.0.9-win32-x86_64\bin\instrument.dll
Event: 0.131 Loaded shared library C:\Users\smsaf\.vscode\extensions\redhat.java-1.50.0-win32-x64\jre\21.0.9-win32-x86_64\bin\net.dll
Event: 0.146 Loaded shared library C:\Users\smsaf\.vscode\extensions\redhat.java-1.50.0-win32-x64\jre\21.0.9-win32-x86_64\bin\nio.dll
Event: 0.151 Loaded shared library C:\Users\smsaf\.vscode\extensions\redhat.java-1.50.0-win32-x64\jre\21.0.9-win32-x86_64\bin\zip.dll
Event: 0.177 Loaded shared library C:\Users\smsaf\.vscode\extensions\redhat.java-1.50.0-win32-x64\jre\21.0.9-win32-x86_64\bin\jimage.dll
Event: 0.383 Loaded shared library c:\Users\smsaf\.vscode\extensions\redhat.java-1.50.0-win32-x64\jre\21.0.9-win32-x86_64\bin\verify.dll
Event: 13.057 Loaded shared library C:\Users\smsaf\AppData\Roaming\Code\User\globalStorage\redhat.java\1.50.0\config_win\org.eclipse.equinox.launcher\org.eclipse.equinox.launcher.win32.win32.x86_64_1.2.1400.v20250801-0854\eclipse_11916.dll
Event: 32.219 Loaded shared library C:\Users\smsaf\AppData\Local\Temp\jna-109565758\jna3390394929906239724.dll
Event: 35.794 Loaded shared library C:\Users\smsaf\.vscode\extensions\redhat.java-1.50.0-win32-x64\jre\21.0.9-win32-x86_64\bin\sunmscapi.dll
Event: 36.605 Loaded shared library C:\Users\smsaf\.vscode\extensions\redhat.java-1.50.0-win32-x64\jre\21.0.9-win32-x86_64\bin\extnet.dll
Event: 66.078 Loaded shared library C:\Users\smsaf\.gradle\native\1def1411415f61bf3af743bc5b6707747c0891f09f0c88961ee8f79bc544acac\windows-amd64\native-platform.dll
Event: 88.507 Loaded shared library C:\Users\smsaf\.vscode\extensions\redhat.java-1.50.0-win32-x64\jre\21.0.9-win32-x86_64\bin\management.dll
Event: 88.598 Loaded shared library C:\Users\smsaf\.vscode\extensions\redhat.java-1.50.0-win32-x64\jre\21.0.9-win32-x86_64\bin\management_ext.dll

Deoptimization events (20 events):
Event: 1116.279 Thread 0x00000200dfd1cd00 DEOPT PACKING pc=0x000002008b2cb114 sp=0x00000047a21fec30
Event: 1116.279 Thread 0x00000200dfd1cd00 DEOPT UNPACKING pc=0x000002008a6c6da2 sp=0x00000047a21feba8 mode 2
Event: 1116.279 Thread 0x00000200dfd1cd00 Uncommon trap: trap_request=0xffffff45 fr.pc=0x000002008b2cb18c relative=0x0000000000000a8c
Event: 1116.279 Thread 0x00000200dfd1cd00 Uncommon trap: reason=unstable_if action=reinterpret pc=0x000002008b2cb18c method=org.eclipse.core.internal.events.ResourceDeltaFactory.computeNodeIDMap(Lorg/eclipse/core/internal/events/ResourceDelta;Lorg/eclipse/core/internal/events/NodeIDMap;)Lorg/ecli
Event: 1116.279 Thread 0x00000200dfd1cd00 DEOPT PACKING pc=0x000002008b2cb18c sp=0x00000047a21feca0
Event: 1116.279 Thread 0x00000200dfd1cd00 DEOPT UNPACKING pc=0x000002008a6c6da2 sp=0x00000047a21feb58 mode 2
Event: 1116.602 Thread 0x00000200de6dacc0 Uncommon trap: trap_request=0xffffff45 fr.pc=0x000002008b278a6c relative=0x000000000000040c
Event: 1116.602 Thread 0x00000200de6dacc0 Uncommon trap: reason=unstable_if action=reinterpret pc=0x000002008b278a6c method=org.eclipse.core.internal.resources.SaveManager.lambda$11(Lorg/eclipse/core/internal/resources/MarkerManager;Ljava/io/DataOutputStream;[JLjava/io/DataOutputStream;Lorg/eclip
Event: 1116.602 Thread 0x00000200de6dacc0 DEOPT PACKING pc=0x000002008b278a6c sp=0x00000047a41ff1b0
Event: 1116.602 Thread 0x00000200de6dacc0 DEOPT UNPACKING pc=0x000002008a6c6da2 sp=0x00000047a41ff0d0 mode 2
Event: 1116.605 Thread 0x00000200de6dacc0 Uncommon trap: trap_request=0xffffff45 fr.pc=0x000002008b279570 relative=0x0000000000000310
Event: 1116.605 Thread 0x00000200de6dacc0 Uncommon trap: reason=unstable_if action=reinterpret pc=0x000002008b279570 method=org.eclipse.core.internal.resources.MarkerWriter.snap(Lorg/eclipse/core/internal/resources/ResourceInfo;Lorg/eclipse/core/internal/watson/IPathRequestor;Ljava/io/DataOutputS
Event: 1116.605 Thread 0x00000200de6dacc0 DEOPT PACKING pc=0x000002008b279570 sp=0x00000047a41fef90
Event: 1116.605 Thread 0x00000200de6dacc0 DEOPT UNPACKING pc=0x000002008a6c6da2 sp=0x00000047a41fee20 mode 2
Event: 1116.817 Thread 0x00000200de6dacc0 Uncommon trap: trap_request=0xffffff45 fr.pc=0x000002008b30ebac relative=0x0000000000000e8c
Event: 1116.817 Thread 0x00000200de6dacc0 Uncommon trap: reason=unstable_if action=reinterpret pc=0x000002008b30ebac method=org.eclipse.jdt.ls.core.internal.filesystem.JLSFile.getFileStore(Lorg/eclipse/core/runtime/IPath;)Lorg/eclipse/core/filesystem/IFileStore; @ 20 c2
Event: 1116.817 Thread 0x00000200de6dacc0 DEOPT PACKING pc=0x000002008b30ebac sp=0x00000047a41ff190
Event: 1116.817 Thread 0x00000200de6dacc0 DEOPT UNPACKING pc=0x000002008a6c6da2 sp=0x00000047a41ff078 mode 2
Event: 1246.308 Thread 0x00000200e190cbb0 DEOPT PACKING pc=0x000002008431e06b sp=0x00000047a55fec50
Event: 1246.308 Thread 0x00000200e190cbb0 DEOPT UNPACKING pc=0x000002008a6c78e2 sp=0x00000047a55fe198 mode 0

Classes loaded (20 events):
Event: 392.020 Loading class java/util/stream/Nodes$CollectorTask$OfRef
Event: 392.020 Loading class java/util/stream/Nodes$CollectorTask
Event: 392.021 Loading class java/util/stream/Nodes$CollectorTask done
Event: 392.021 Loading class java/util/stream/Nodes$CollectorTask$OfRef done
Event: 392.021 Loading class java/util/function/LongFunction
Event: 392.021 Loading class java/util/function/LongFunction done
Event: 392.021 Loading class java/util/stream/Nodes$ConcNode
Event: 392.021 Loading class java/util/stream/Nodes$AbstractConcNode
Event: 392.022 Loading class java/util/stream/Nodes$AbstractConcNode done
Event: 392.022 Loading class java/util/stream/Nodes$ConcNode done
Event: 392.043 Loading class java/util/stream/Nodes$ToArrayTask$OfRef
Event: 392.043 Loading class java/util/stream/Nodes$ToArrayTask
Event: 392.043 Loading class java/util/stream/Nodes$ToArrayTask done
Event: 392.043 Loading class java/util/stream/Nodes$ToArrayTask$OfRef done
Event: 392.046 Loading class java/io/ObjectOutputStream$BlockDataOutputStream
Event: 392.047 Loading class java/io/ObjectOutputStream$BlockDataOutputStream done
Event: 392.047 Loading class java/io/ObjectOutputStream$HandleTable
Event: 392.047 Loading class java/io/ObjectOutputStream$HandleTable done
Event: 392.047 Loading class java/io/ObjectOutputStream$ReplaceTable
Event: 392.048 Loading class java/io/ObjectOutputStream$ReplaceTable done

Classes unloaded (7 events):
Event: 34.317 Thread 0x00000200ffd20790 Unloading class 0x00000200981a8c00 'java/lang/invoke/LambdaForm$MH+0x00000200981a8c00'
Event: 34.317 Thread 0x00000200ffd20790 Unloading class 0x00000200981a8800 'java/lang/invoke/LambdaForm$MH+0x00000200981a8800'
Event: 34.317 Thread 0x00000200ffd20790 Unloading class 0x00000200981a8400 'java/lang/invoke/LambdaForm$MH+0x00000200981a8400'
Event: 34.317 Thread 0x00000200ffd20790 Unloading class 0x00000200981a8000 'java/lang/invoke/LambdaForm$MH+0x00000200981a8000'
Event: 34.317 Thread 0x00000200ffd20790 Unloading class 0x00000200981a7c00 'java/lang/invoke/LambdaForm$BMH+0x00000200981a7c00'
Event: 34.317 Thread 0x00000200ffd20790 Unloading class 0x00000200981a7800 'java/lang/invoke/LambdaForm$DMH+0x00000200981a7800'
Event: 34.317 Thread 0x00000200ffd20790 Unloading class 0x00000200981a6400 'java/lang/invoke/LambdaForm$DMH+0x00000200981a6400'

Classes redefined (0 events):
No events

Internal exceptions (20 events):
Event: 1510.229 Thread 0x00000200dfd1a5a0 Exception <a 'sun/nio/fs/WindowsException'{0x00000000d5824f40}> (0x00000000d5824f40) 
thrown [s\src\hotspot\share\prims\jni.cpp, line 520]
Event: 1510.229 Thread 0x00000200dfd1a5a0 Exception <a 'sun/nio/fs/WindowsException'{0x00000000d5825ad0}> (0x00000000d5825ad0) 
thrown [s\src\hotspot\share\prims\jni.cpp, line 520]
Event: 1510.229 Thread 0x00000200dfd1a5a0 Exception <a 'sun/nio/fs/WindowsException'{0x00000000d5827270}> (0x00000000d5827270) 
thrown [s\src\hotspot\share\prims\jni.cpp, line 520]
Event: 1510.229 Thread 0x00000200dfd1a5a0 Exception <a 'sun/nio/fs/WindowsException'{0x00000000d5827b50}> (0x00000000d5827b50) 
thrown [s\src\hotspot\share\prims\jni.cpp, line 520]
Event: 1510.229 Thread 0x00000200dfd1a5a0 Exception <a 'sun/nio/fs/WindowsException'{0x00000000d58292e8}> (0x00000000d58292e8) 
thrown [s\src\hotspot\share\prims\jni.cpp, line 520]
Event: 1510.229 Thread 0x00000200dfd1a5a0 Exception <a 'sun/nio/fs/WindowsException'{0x00000000d5829bc8}> (0x00000000d5829bc8) 
thrown [s\src\hotspot\share\prims\jni.cpp, line 520]
Event: 1510.230 Thread 0x00000200dfd1a5a0 Exception <a 'sun/nio/fs/WindowsException'{0x00000000d582b398}> (0x00000000d582b398) 
thrown [s\src\hotspot\share\prims\jni.cpp, line 520]
Event: 1510.230 Thread 0x00000200dfd1a5a0 Exception <a 'sun/nio/fs/WindowsException'{0x00000000d582bec0}> (0x00000000d582bec0) 
thrown [s\src\hotspot\share\prims\jni.cpp, line 520]
Event: 1510.230 Thread 0x00000200dfd1a5a0 Exception <a 'sun/nio/fs/WindowsException'{0x00000000d582d408}> (0x00000000d582d408) 
thrown [s\src\hotspot\share\prims\jni.cpp, line 520]
Event: 1510.230 Thread 0x00000200dfd1a5a0 Exception <a 'sun/nio/fs/WindowsException'{0x00000000d582df68}> (0x00000000d582df68) 
thrown [s\src\hotspot\share\prims\jni.cpp, line 520]
Event: 1510.231 Thread 0x00000200dfd1a5a0 Exception <a 'sun/nio/fs/WindowsException'{0x00000000d582f710}> (0x00000000d582f710) 
thrown [s\src\hotspot\share\prims\jni.cpp, line 520]
Event: 1510.231 Thread 0x00000200dfd1a5a0 Exception <a 'sun/nio/fs/WindowsException'{0x00000000d582fff0}> (0x00000000d582fff0) 
thrown [s\src\hotspot\share\prims\jni.cpp, line 520]
Event: 1510.231 Thread 0x00000200dfd1a5a0 Exception <a 'sun/nio/fs/WindowsException'{0x00000000d5831778}> (0x00000000d5831778) 
thrown [s\src\hotspot\share\prims\jni.cpp, line 520]
Event: 1510.231 Thread 0x00000200dfd1a5a0 Exception <a 'sun/nio/fs/WindowsException'{0x00000000d5832058}> (0x00000000d5832058) 
thrown [s\src\hotspot\share\prims\jni.cpp, line 520]
Event: 1510.231 Thread 0x00000200dfd1a5a0 Exception <a 'sun/nio/fs/WindowsException'{0x00000000d5833740}> (0x00000000d5833740) 
thrown [s\src\hotspot\share\prims\jni.cpp, line 520]
Event: 1510.231 Thread 0x00000200dfd1a5a0 Exception <a 'sun/nio/fs/WindowsException'{0x00000000d5834020}> (0x00000000d5834020) 
thrown [s\src\hotspot\share\prims\jni.cpp, line 520]
Event: 1510.232 Thread 0x00000200dfd1a5a0 Exception <a 'sun/nio/fs/WindowsException'{0x00000000d5836cc0}> (0x00000000d5836cc0) 
thrown [s\src\hotspot\share\prims\jni.cpp, line 520]
Event: 1510.232 Thread 0x00000200dfd1a5a0 Exception <a 'sun/nio/fs/WindowsException'{0x00000000d58375a0}> (0x00000000d58375a0) 
thrown [s\src\hotspot\share\prims\jni.cpp, line 520]
Event: 1510.232 Thread 0x00000200dfd1a5a0 Exception <a 'sun/nio/fs/WindowsException'{0x00000000d5838d68}> (0x00000000d5838d68) 
thrown [s\src\hotspot\share\prims\jni.cpp, line 520]
Event: 1510.232 Thread 0x00000200dfd1a5a0 Exception <a 'sun/nio/fs/WindowsException'{0x00000000d5839898}> (0x00000000d5839898) 
thrown [s\src\hotspot\share\prims\jni.cpp, line 520]

ZGC Phase Switch (0 events):
No events

VM Operations (20 events):
Event: 1286.152 Executing VM operation: ParallelGCFailedAllocation (Allocation Failure)
Event: 1286.153 Executing VM operation: ParallelGCFailedAllocation (Allocation Failure) done
Event: 1287.153 Executing VM operation: Cleanup
Event: 1287.153 Executing VM operation: Cleanup done
Event: 1287.369 Executing VM operation: ParallelGCFailedAllocation (Allocation Failure)
Event: 1287.370 Executing VM operation: ParallelGCFailedAllocation (Allocation Failure) done
Event: 1288.426 Executing VM operation: ParallelGCFailedAllocation (Allocation Failure)
Event: 1288.427 Executing VM operation: ParallelGCFailedAllocation (Allocation Failure) done
Event: 1289.441 Executing VM operation: Cleanup
Event: 1289.442 Executing VM operation: Cleanup done
Event: 1292.913 Executing VM operation: ParallelGCFailedAllocation (Allocation Failure)
Event: 1292.914 Executing VM operation: ParallelGCFailedAllocation (Allocation Failure) done
Event: 1296.376 Executing VM operation: ParallelGCFailedAllocation (Allocation Failure)
Event: 1296.376 Executing VM operation: ParallelGCFailedAllocation (Allocation Failure) done
Event: 1310.996 Executing VM operation: HandshakeAllThreads (HandshakeForDeflation)
Event: 1310.996 Executing VM operation: HandshakeAllThreads (HandshakeForDeflation) done
Event: 1310.996 Executing VM operation: RendezvousGCThreads
Event: 1310.996 Executing VM operation: RendezvousGCThreads done
Event: 1510.457 Executing VM operation: Cleanup
Event: 1510.457 Executing VM operation: Cleanup done

Memory protections (0 events):
No events

Nmethod flushes (20 events):
Event: 88.709 Thread 0x00000200ffd20790 flushing  nmethod 0x0000020083a2f710
Event: 88.709 Thread 0x00000200ffd20790 flushing  nmethod 0x0000020083a3e210
Event: 88.709 Thread 0x00000200ffd20790 flushing  nmethod 0x0000020083a40590
Event: 88.709 Thread 0x00000200ffd20790 flushing  nmethod 0x0000020083a42010
Event: 88.709 Thread 0x00000200ffd20790 flushing  nmethod 0x0000020083a44910
Event: 88.709 Thread 0x00000200ffd20790 flushing  nmethod 0x0000020083a48210
Event: 88.709 Thread 0x00000200ffd20790 flushing  nmethod 0x0000020083a5a010
Event: 88.709 Thread 0x00000200ffd20790 flushing  nmethod 0x0000020083a5a610
Event: 88.709 Thread 0x00000200ffd20790 flushing  nmethod 0x0000020083a5ae90
Event: 88.709 Thread 0x00000200ffd20790 flushing  nmethod 0x0000020083a5ff10
Event: 88.709 Thread 0x00000200ffd20790 flushing  nmethod 0x0000020083a65810
Event: 88.709 Thread 0x00000200ffd20790 flushing  nmethod 0x0000020083a78b90
Event: 88.709 Thread 0x00000200ffd20790 flushing  nmethod 0x0000020083a90310
Event: 88.709 Thread 0x00000200ffd20790 flushing  nmethod 0x0000020083aa2990
Event: 88.709 Thread 0x00000200ffd20790 flushing  nmethod 0x0000020083ad2710
Event: 88.709 Thread 0x00000200ffd20790 flushing  nmethod 0x0000020083ad3490
Event: 88.709 Thread 0x00000200ffd20790 flushing  nmethod 0x0000020083ad3890
Event: 88.709 Thread 0x00000200ffd20790 flushing  nmethod 0x0000020083ad4d90
Event: 88.709 Thread 0x00000200ffd20790 flushing  nmethod 0x0000020083ad5f10
Event: 88.709 Thread 0x00000200ffd20790 flushing  nmethod 0x0000020083ad7110

Events (20 events):
Event: 1209.650 Thread 0x00000200dfd1faf0 Thread exited: 0x00000200dfd1faf0
Event: 1356.536 Thread 0x00000200dfd1b2c0 Thread exited: 0x00000200dfd1b2c0
Event: 1356.538 Thread 0x00000200de6dacc0 Thread exited: 0x00000200de6dacc0
Event: 1510.220 Thread 0x00000200dfd1a5a0 Thread added: 0x00000200dfd1b2c0
Event: 1510.223 Thread 0x00000200dfd1a5a0 Thread added: 0x00000200dfd1f460
Event: 1510.224 Thread 0x00000200dfd1f460 Thread exited: 0x00000200dfd1f460
Event: 1510.233 Thread 0x00000200dfd1a5a0 Thread added: 0x00000200dfd21bc0
Event: 1510.234 Thread 0x00000200dfd21bc0 Thread added: 0x00000200dfd20180
Event: 1510.234 Thread 0x00000200dfd21bc0 Thread added: 0x00000200dfd1f460
Event: 1510.234 Thread 0x00000200dfd20180 Thread added: 0x00000200dfd1faf0
Event: 1510.234 Thread 0x00000200dfd21bc0 Thread added: 0x00000200dfd20810
Event: 1510.234 Thread 0x00000200dfd1f460 Thread added: 0x00000200dfd20ea0
Event: 1510.235 Thread 0x00000200dfd21bc0 Thread added: 0x00000200dfd21530
Event: 1510.237 Thread 0x00000200dfd21530 Thread exited: 0x00000200dfd21530
Event: 1510.237 Thread 0x00000200dfd20180 Thread exited: 0x00000200dfd20180
Event: 1510.237 Thread 0x00000200dfd1faf0 Thread exited: 0x00000200dfd1faf0
Event: 1510.237 Thread 0x00000200dfd20ea0 Thread exited: 0x00000200dfd20ea0
Event: 1510.237 Thread 0x00000200dfd1f460 Thread exited: 0x00000200dfd1f460
Event: 1510.238 Thread 0x00000200dfd21bc0 Thread exited: 0x00000200dfd21bc0
Event: 1510.238 Thread 0x00000200dfd20810 Thread exited: 0x00000200dfd20810


Dynamic libraries:
0x00007ff75fba0000 - 0x00007ff75fbae000 	c:\Users\smsaf\.vscode\extensions\redhat.java-1.50.0-win32-x64\jre\21.0.9-win32-x86_64\bin\java.exe
0x00007ff98f2a0000 - 0x00007ff98f508000 	C:\WINDOWS\SYSTEM32\ntdll.dll
0x00007ff98d9e0000 - 0x00007ff98daa9000 	C:\WINDOWS\System32\KERNEL32.DLL
0x00007ff98c850000 - 0x00007ff98cc48000 	C:\WINDOWS\System32\KERNELBASE.dll
0x00007ff98cdc0000 - 0x00007ff98cf0b000 	C:\WINDOWS\System32\ucrtbase.dll
0x00007ff964f30000 - 0x00007ff964f48000 	c:\Users\smsaf\.vscode\extensions\redhat.java-1.50.0-win32-x64\jre\21.0.9-win32-x86_64\bin\jli.dll
0x00007ff960e80000 - 0x00007ff960e9e000 	c:\Users\smsaf\.vscode\extensions\redhat.java-1.50.0-win32-x64\jre\21.0.9-win32-x86_64\bin\VCRUNTIME140.dll
0x00007ff98f090000 - 0x00007ff98f257000 	C:\WINDOWS\System32\USER32.dll
0x00007ff98c5f0000 - 0x00007ff98c617000 	C:\WINDOWS\System32\win32u.dll
0x00007ff96f640000 - 0x00007ff96f8d4000 	C:\WINDOWS\WinSxS\amd64_microsoft.windows.common-controls_6595b64144ccf1df_6.0.26100.7019_none_3e06ffa0e335b8a8\COMCTL32.dll
0x00007ff98d870000 - 0x00007ff98d919000 	C:\WINDOWS\System32\msvcrt.dll
0x00007ff98dac0000 - 0x00007ff98daeb000 	C:\WINDOWS\System32\GDI32.dll
0x00007ff98cf10000 - 0x00007ff98d03c000 	C:\WINDOWS\System32\gdi32full.dll
0x00007ff98c480000 - 0x00007ff98c523000 	C:\WINDOWS\System32\msvcp_win.dll
0x00007ff98d040000 - 0x00007ff98d071000 	C:\WINDOWS\System32\IMM32.DLL
0x00007ff9759d0000 - 0x00007ff9759dc000 	c:\Users\smsaf\.vscode\extensions\redhat.java-1.50.0-win32-x64\jre\21.0.9-win32-x86_64\bin\vcruntime140_1.dll
0x00007ff9446e0000 - 0x00007ff94476d000 	c:\Users\smsaf\.vscode\extensions\redhat.java-1.50.0-win32-x64\jre\21.0.9-win32-x86_64\bin\msvcp140.dll
0x00007ff8b51b0000 - 0x00007ff8b5f50000 	c:\Users\smsaf\.vscode\extensions\redhat.java-1.50.0-win32-x64\jre\21.0.9-win32-x86_64\bin\server\jvm.dll
0x00007ff98d920000 - 0x00007ff98d9d4000 	C:\WINDOWS\System32\ADVAPI32.dll
0x00007ff98ece0000 - 0x00007ff98ed86000 	C:\WINDOWS\System32\sechost.dll
0x00007ff98e040000 - 0x00007ff98e158000 	C:\WINDOWS\System32\RPCRT4.dll
0x00007ff98e4f0000 - 0x00007ff98e564000 	C:\WINDOWS\System32\WS2_32.dll
0x00007ff98c250000 - 0x00007ff98c2ae000 	C:\WINDOWS\SYSTEM32\POWRPROF.dll
0x00007ff97dc40000 - 0x00007ff97dc4b000 	C:\WINDOWS\SYSTEM32\VERSION.dll
0x00007ff984960000 - 0x00007ff984995000 	C:\WINDOWS\SYSTEM32\WINMM.dll
0x00007ff98c230000 - 0x00007ff98c244000 	C:\WINDOWS\SYSTEM32\UMPDC.dll
0x00007ff98b1b0000 - 0x00007ff98b1cb000 	C:\WINDOWS\SYSTEM32\kernel.appcore.dll
0x00007ff975780000 - 0x00007ff97578a000 	c:\Users\smsaf\.vscode\extensions\redhat.java-1.50.0-win32-x64\jre\21.0.9-win32-x86_64\bin\jimage.dll
0x00007ff989870000 - 0x00007ff989ab2000 	C:\WINDOWS\SYSTEM32\DBGHELP.DLL
0x00007ff98e160000 - 0x00007ff98e4eb000 	C:\WINDOWS\System32\combase.dll
0x00007ff98dc60000 - 0x00007ff98dd37000 	C:\WINDOWS\System32\OLEAUT32.dll
0x00007ff96efe0000 - 0x00007ff96f01c000 	C:\WINDOWS\SYSTEM32\dbgcore.DLL
0x00007ff98c620000 - 0x00007ff98c6c5000 	C:\WINDOWS\System32\bcryptPrimitives.dll
0x00007ff975480000 - 0x00007ff97548f000 	c:\Users\smsaf\.vscode\extensions\redhat.java-1.50.0-win32-x64\jre\21.0.9-win32-x86_64\bin\instrument.dll
0x00007ff960e60000 - 0x00007ff960e80000 	c:\Users\smsaf\.vscode\extensions\redhat.java-1.50.0-win32-x64\jre\21.0.9-win32-x86_64\bin\java.dll
0x00007ff98e570000 - 0x00007ff98ecbf000 	C:\WINDOWS\System32\SHELL32.dll
0x00007ff98cc50000 - 0x00007ff98cdbb000 	C:\WINDOWS\System32\wintypes.dll
0x00007ff989fe0000 - 0x00007ff98a83d000 	C:\WINDOWS\SYSTEM32\windows.storage.dll
0x00007ff98df40000 - 0x00007ff98e032000 	C:\WINDOWS\System32\SHCORE.dll
0x00007ff98dbf0000 - 0x00007ff98dc57000 	C:\WINDOWS\System32\shlwapi.dll
0x00007ff98c310000 - 0x00007ff98c339000 	C:\WINDOWS\SYSTEM32\profapi.dll
0x00007ff960920000 - 0x00007ff960938000 	c:\Users\smsaf\.vscode\extensions\redhat.java-1.50.0-win32-x64\jre\21.0.9-win32-x86_64\bin\zip.dll
0x00007ff972060000 - 0x00007ff972070000 	C:\Users\smsaf\.vscode\extensions\redhat.java-1.50.0-win32-x64\jre\21.0.9-win32-x86_64\bin\net.dll
0x00007ff97df30000 - 0x00007ff97e058000 	C:\WINDOWS\SYSTEM32\WINHTTP.dll
0x00007ff98b720000 - 0x00007ff98b78b000 	C:\WINDOWS\system32\mswsock.dll
0x00007ff960580000 - 0x00007ff960596000 	C:\Users\smsaf\.vscode\extensions\redhat.java-1.50.0-win32-x64\jre\21.0.9-win32-x86_64\bin\nio.dll
0x00007ff972030000 - 0x00007ff972040000 	c:\Users\smsaf\.vscode\extensions\redhat.java-1.50.0-win32-x64\jre\21.0.9-win32-x86_64\bin\verify.dll
0x00007ff956e00000 - 0x00007ff956e44000 	C:\Users\smsaf\AppData\Roaming\Code\User\globalStorage\redhat.java\1.50.0\config_win\org.eclipse.equinox.launcher\org.eclipse.equinox.launcher.win32.win32.x86_64_1.2.1400.v20250801-0854\eclipse_11916.dll
0x00007ff98eef0000 - 0x00007ff98f087000 	C:\WINDOWS\System32\ole32.dll
0x00007ff98b9e0000 - 0x00007ff98b9fb000 	C:\WINDOWS\SYSTEM32\CRYPTSP.dll
0x00007ff98b110000 - 0x00007ff98b14a000 	C:\WINDOWS\system32\rsaenh.dll
0x00007ff98b7d0000 - 0x00007ff98b7fb000 	C:\WINDOWS\SYSTEM32\USERENV.dll
0x00007ff98c2e0000 - 0x00007ff98c30a000 	C:\WINDOWS\SYSTEM32\bcrypt.dll
0x00007ff98ba00000 - 0x00007ff98ba0c000 	C:\WINDOWS\SYSTEM32\CRYPTBASE.dll
0x00007ff98abd0000 - 0x00007ff98ac04000 	C:\WINDOWS\SYSTEM32\IPHLPAPI.DLL
0x00007ff98d3d0000 - 0x00007ff98d3da000 	C:\WINDOWS\System32\NSI.dll
0x00007ff924050000 - 0x00007ff924099000 	C:\Users\smsaf\AppData\Local\Temp\jna-109565758\jna3390394929906239724.dll
0x00007ff98d3c0000 - 0x00007ff98d3c8000 	C:\WINDOWS\System32\PSAPI.DLL
0x00007ff984830000 - 0x00007ff98484e000 	C:\WINDOWS\SYSTEM32\dhcpcsvc6.DLL
0x00007ff9847a0000 - 0x00007ff9847c3000 	C:\WINDOWS\SYSTEM32\dhcpcsvc.DLL
0x00007ff96f630000 - 0x00007ff96f63e000 	C:\Users\smsaf\.vscode\extensions\redhat.java-1.50.0-win32-x64\jre\21.0.9-win32-x86_64\bin\sunmscapi.dll
0x00007ff98c6d0000 - 0x00007ff98c847000 	C:\WINDOWS\System32\CRYPT32.dll
0x00007ff98bc00000 - 0x00007ff98bc30000 	C:\WINDOWS\SYSTEM32\ncrypt.dll
0x00007ff98bbb0000 - 0x00007ff98bbef000 	C:\WINDOWS\SYSTEM32\NTASN1.dll
0x00007ff98ac70000 - 0x00007ff98ad9c000 	C:\WINDOWS\SYSTEM32\DNSAPI.dll
0x00007ff97dcc0000 - 0x00007ff97dccb000 	C:\Windows\System32\rasadhlp.dll
0x00007ff984a10000 - 0x00007ff984a96000 	C:\WINDOWS\System32\fwpuclnt.dll
0x00007ff96ac10000 - 0x00007ff96ac19000 	C:\Users\smsaf\.vscode\extensions\redhat.java-1.50.0-win32-x64\jre\21.0.9-win32-x86_64\bin\extnet.dll
0x00007ff948df0000 - 0x00007ff948e17000 	C:\Users\smsaf\.gradle\native\1def1411415f61bf3af743bc5b6707747c0891f09f0c88961ee8f79bc544acac\windows-amd64\native-platform.dll
0x00007ff969650000 - 0x00007ff96965a000 	C:\Users\smsaf\.vscode\extensions\redhat.java-1.50.0-win32-x64\jre\21.0.9-win32-x86_64\bin\management.dll
0x00007ff9664b0000 - 0x00007ff9664bc000 	C:\Users\smsaf\.vscode\extensions\redhat.java-1.50.0-win32-x64\jre\21.0.9-win32-x86_64\bin\management_ext.dll

JVMTI agents:
c:\Users\smsaf\.vscode\extensions\redhat.java-1.50.0-win32-x64\lombok\lombok-1.18.39-4050.jar path:c:\Users\smsaf\.vscode\extensions\redhat.java-1.50.0-win32-x64\jre\21.0.9-win32-x86_64\bin\instrument.dll, loaded, initialized, instrumentlib options:none

dbghelp: loaded successfully - version: 4.0.5 - missing functions: none
symbol engine: initialized successfully - sym options: 0x614 - pdb path: .;c:\Users\smsaf\.vscode\extensions\redhat.java-1.50.0-win32-x64\jre\21.0.9-win32-x86_64\bin;C:\WINDOWS\SYSTEM32;C:\WINDOWS\WinSxS\amd64_microsoft.windows.common-controls_6595b64144ccf1df_6.0.26100.7019_none_3e06ffa0e335b8a8;c:\Users\smsaf\.vscode\extensions\redhat.java-1.50.0-win32-x64\jre\21.0.9-win32-x86_64\bin\server;C:\Users\smsaf\AppData\Roaming\Code\User\globalStorage\redhat.java\1.50.0\config_win\org.eclipse.equinox.launcher\org.eclipse.equinox.launcher.win32.win32.x86_64_1.2.1400.v20250801-0854;C:\Users\smsaf\AppData\Local\Temp\jna-109565758;C:\Users\smsaf\.gradle\native\1def1411415f61bf3af743bc5b6707747c0891f09f0c88961ee8f79bc544acac\windows-amd64

VM Arguments:
jvm_args: --add-modules=ALL-SYSTEM --add-opens=java.base/java.util=ALL-UNNAMED --add-opens=java.base/java.lang=ALL-UNNAMED --add-opens=java.base/sun.nio.fs=ALL-UNNAMED -Declipse.application=org.eclipse.jdt.ls.core.id1 -Dosgi.bundles.defaultStartLevel=4 -Declipse.product=org.eclipse.jdt.ls.core.product -Djava.import.generatesMetadataFilesAtProjectRoot=false -DDetectVMInstallationsJob.disabled=true -Dfile.encoding=utf8 -XX:+UseParallelGC -XX:GCTimeRatio=4 -XX:AdaptiveSizePolicyWeight=90 -Dsun.zip.disableMemoryMapping=true -Xmx2G -Xms100m -Xlog:disable -javaagent:c:\Users\smsaf\.vscode\extensions\redhat.java-1.50.0-win32-x64\lombok\lombok-1.18.39-4050.jar -XX:+HeapDumpOnOutOfMemoryError -XX:HeapDumpPath=c:\Users\smsaf\AppData\Roaming\Code\User\workspaceStorage\ee99922e73409e8d83340d72df56aedf\redhat.java -Daether.dependencyCollector.impl=bf 
java_command: c:\Users\smsaf\.vscode\extensions\redhat.java-1.50.0-win32-x64\server\plugins\org.eclipse.equinox.launcher_1.7.100.v20251111-0406.jar -configuration c:\Users\smsaf\AppData\Roaming\Code\User\globalStorage\redhat.java\1.50.0\config_win -data c:\Users\smsaf\AppData\Roaming\Code\User\workspaceStorage\ee99922e73409e8d83340d72df56aedf\redhat.java\jdt_ws --pipe=\\.\pipe\lsp-0c55496e45aead4ae2343098ad095ba2-sock
java_class_path (initial): c:\Users\smsaf\.vscode\extensions\redhat.java-1.50.0-win32-x64\server\plugins\org.eclipse.equinox.launcher_1.7.100.v20251111-0406.jar
Launcher Type: SUN_STANDARD

[Global flags]
    uintx AdaptiveSizePolicyWeight                 = 90                                        {product} {command line}
     intx CICompilerCount                          = 4                                         {product} {ergonomic}
    uintx GCTimeRatio                              = 4                                         {product} {command line}
     bool HeapDumpOnOutOfMemoryError               = true                                   {manageable} {command line}
    ccstr HeapDumpPath                             = c:\Users\smsaf\AppData\Roaming\Code\User\workspaceStorage\ee99922e73409e8d83340d72df56aedf\redhat.java         {manageable} {command line}
   size_t InitialHeapSize                          = 104857600                                 {product} {command line}
   size_t MaxHeapSize                              = 2147483648                                {product} {command line}
   size_t MaxNewSize                               = 715653120                                 {product} {ergonomic}
   size_t MinHeapDeltaBytes                        = 524288                                    {product} {ergonomic}
   size_t MinHeapSize                              = 104857600                                 {product} {command line}
   size_t NewSize                                  = 34603008                                  {product} {ergonomic}
    uintx NonNMethodCodeHeapSize                   = 5839372                                {pd product} {ergonomic}
    uintx NonProfiledCodeHeapSize                  = 122909434                              {pd product} {ergonomic}
   size_t OldSize                                  = 70254592                                  {product} {ergonomic}
    uintx ProfiledCodeHeapSize                     = 122909434                              {pd product} {ergonomic}
    uintx ReservedCodeCacheSize                    = 251658240                              {pd product} {ergonomic}
     bool SegmentedCodeCache                       = true                                      {product} {ergonomic}
   size_t SoftMaxHeapSize                          = 2147483648                             {manageable} {ergonomic}
     bool UseCompressedOops                        = true                           {product lp64_product} {ergonomic}
     bool UseLargePagesIndividualAllocation        = false                                  {pd product} {ergonomic}
     bool UseParallelGC                            = true                                      {product} {command line}

Logging:
Log output configuration:
 #0: stdout all=off uptime,level,tags foldmultilines=false
 #1: stderr all=off uptime,level,tags foldmultilines=false

Release file:
JAVA_VERSION="21.0.9" 
MODULES="java.base java.compiler java.datatransfer java.xml java.prefs java.desktop java.instrument java.logging java.management java.security.sasl java.naming java.rmi java.management.rmi java.net.http java.scripting java.security.jgss java.transaction.xa java.sql java.sql.rowset java.xml.crypto java.se java.smartcardio jdk.accessibility jdk.internal.jvmstat jdk.attach jdk.charsets jdk.internal.opt jdk.zipfs jdk.compiler jdk.crypto.ec jdk.crypto.cryptoki jdk.crypto.mscapi jdk.dynalink jdk.internal.ed jdk.editpad jdk.hotspot.agent jdk.httpserver jdk.internal.le jdk.internal.vm.ci jdk.internal.vm.compiler jdk.internal.vm.compiler.management jdk.jartool jdk.javadoc jdk.jcmd jdk.management jdk.management.agent jdk.jconsole jdk.jdeps jdk.jdwp.agent jdk.jdi jdk.jfr jdk.jshell jdk.jsobject jdk.jstatd jdk.localedata jdk.management.jfr jdk.naming.dns jdk.naming.rmi jdk.net jdk.nio.mapmode jdk.random jdk.sctp jdk.security.auth jdk.security.jgss jdk.unsupported jdk.unsupported.desktop jdk.xml.dom" 

Environment Variables:
JAVA_HOME=C:\Program Files\Java\jdk-17
PATH=C:\Program Files\Common Files\Oracle\Java\javapath;C:\Windows\System32;C:\Program Files\Git\bin;C:\Program Files\Git\cmd;C:\Windows;C:\Windows\System32\Wbem;C:\Windows\System32\WindowsPowerShell\v1.0\;C:\Windows\System32\OpenSSH\;D:\AndroidStudio\Sdk\cmake\3.22.1\bin;D:\AndroidStudio\Sdk;D:\AndroidStudio\Sdk\platform-tools;c:\Users\smsaf\AppData\Local\Programs\cursor\resources\app\bin;C:\Program Files\MySQL\MySQL Server 8.0\bin;C:\wamp64\bin\mysql\mysql8.1.0\bin;C:\Python312;C:\Python312\Scripts;C:\ProgramData\chocolatey\bin;C:\ffmpeg\bin;C:\Program Files (x86)\Google\Cloud SDK\google-cloud-sdk\bin;C:\Program Files\Docker\Docker\resources\bin;C:\Program Files\cursor\resources\app\bin;C:\Program Files\Java\jdk-17\bin;C:\Program Files\Common Files\Oracle\Java\javapath;C:\Program Files\Java\jdk-17\bin;C:\Windows\System32;C:\Program Files\Git\bin;C:\Program Files\Git\cmd;C:\Windows;C:\Windows\System32\Wbem;C:\Windows\System32\WindowsPowerShell\v1.0\;C:\Windows\System32\OpenSSH\;D:\AndroidStudio\Sdk\cmake\3.22.1\bin;D:\AndroidStudio\Sdk;D:\AndroidStudio\Sdk\platform-tools;c:\Users\smsaf\AppData\Local\Programs\cursor\resources\app\bin;C:\Program Files\Docker\Docker\resources\bin;C:\Program Files\MySQL\MySQL Server 8.0\bin;C:\wamp64\bin\mysql\mysql8.1.0\bin;D:\AndroidStudio\Sdk\tools;C:\Users\smsaf\AppData\Local\Microsoft\WindowsApps;D:\AndroidStudio\Sdk\platform-tools;C:\Tools\Gradle\gradle-8.4\bin;D:\Work\Unitd\geckodriver-v0.31.0-win64;C:\php-7.4.33;C:\wamp64\bin\php\php7.4.33;C:\Users\smsaf\AppData\Roaming\nvm;D:\AndroidStudio\Sdk\tools\bin;D:\AndroidStudio\Sdk\cmdline-tools\latest\bin;C:\Users\smsaf\AppData\Local\Microsoft\WindowsApps;C:\Users\smsaf\AppData\Local\Programs\Microsoft VS Code\bin;C:\Users\smsaf\AppData\Local\Programs\cursor\resources\app\bin;C:\Users\smsaf\AppData\Local\Programs\Windsurf\bin;C:\Program Files\Git\bin;C:\Program Files\Git\cmd;D:\AndroidStudio\Sdk\tools;C:\Users\smsaf\AppData\Local\Microsoft\WindowsApps;D:\AndroidStudio\Sdk\platform-tools;C:\Tools\Gradle\gradle-8.4\bin;C:\wamp64\bin\php\php7.4.33;C:\Users\smsaf\AppData\Roaming\nvm;C:\Program Files\nodejs;D:\AndroidStudio\Sdk\tools\bin;D:\AndroidStudio\Sdk\cmdline-tools\latest\bin;D:\AndroidStudio\Sdk\build-tools\36.0.0;D:\AndroidStudio\Sdk\build-tools\35.0.0;D:\AndroidStudio\Sdk\build-tools\34.0.0;C:\Program Files\Git\bin;C:\Program Files\Git\cmd;C:\Users\smsaf\AppData\Local\Microsoft\WindowsApps;C:\Users\smsaf\AppData\Local\Programs\Microsoft VS Code\bin;C:\Users\smsaf\AppData\Local\Programs\cursor\resources\app\bin;C:\Users\smsaf\AppData\Local\Programs\Windsurf\bin;C:\Users\smsaf\.lmstudio\bin;C:\Python312\Scripts;C:\Python312
USERNAME=smsaf
OS=Windows_NT
PROCESSOR_IDENTIFIER=Intel64 Family 6 Model 140 Stepping 1, GenuineIntel
TMP=C:\Users\smsaf\AppData\Local\Temp
TEMP=C:\Users\smsaf\AppData\Local\Temp




Periodic native trim disabled

---------------  S Y S T E M  ---------------

OS:
 Windows 11 , 64 bit Build 26100 (10.0.26100.7019)
OS uptime: 0 days 6:08 hours
Hyper-V role detected

CPU: total 8 (initial active 8) (4 cores per cpu, 2 threads per core) family 6 model 140 stepping 1 microcode 0xbc, cx8, cmov, fxsr, ht, mmx, 3dnowpref, sse, sse2, sse3, ssse3, sse4.1, sse4.2, popcnt, lzcnt, tsc, tscinvbit, avx, avx2, aes, erms, clmul, bmi1, bmi2, adx, avx512f, avx512dq, avx512cd, avx512bw, avx512vl, sha, fma, vzeroupper, avx512_vpopcntdq, avx512_vpclmulqdq, avx512_vaes, avx512_vnni, clflush, clflushopt, clwb, avx512_vbmi2, avx512_vbmi, hv, rdtscp, rdpid, fsrm, gfni, avx512_bitalg, f16c, cet_ibt, cet_ss, avx512_ifma
Processor Information for the first 8 processors :
  Max Mhz: 2419, Current Mhz: 2419, Mhz Limit: 2419

Memory: 4k page, system-wide physical 24310M (3615M free)
TotalPageFile size 38401M (AvailPageFile size 115M)
current process WorkingSet (physical memory assigned to process): 304M, peak: 324M
current process commit charge ("private bytes"): 381M, peak: 394M

vm_info: OpenJDK 64-Bit Server VM (21.0.9+10-LTS) for windows-amd64 JRE (21.0.9+10-LTS), built on 2025-10-21T00:00:00Z by "admin" with unknown MS VC++:1942

END.
